---
source: crates/tracexec-tui/src/copy_popup.rs
expression: rendered
---
Buffer {
    area: Rect { x: 0, y: 0, width: 40, height: 40 },
    content: [
        "                                        ",
        "                                        ",
        "                                        ",
        "                                        ",
        "                                        ",
        "                                        ",
        "                                        ",
        "                                        ",
        "                                        ",
        "                                        ",
        "                                        ",
        "                                        ",
        "                                        ",
        "                                        ",
        "                                        ",
        "                                        ",
        "                                        ",
        "                                        ",
        "┌─────────────────Copy─────────────────┐",
        "│>Current (L)ine                       │",
        "└──────────────────────────────────────┘",
        "                                        ",
        "                                        ",
        "                                        ",
        "                                        ",
        "                                        ",
        "                                        ",
        "                                        ",
        "                                        ",
        "                                        ",
        "                                        ",
        "                                        ",
        "                                        ",
        "                                        ",
        "                                        ",
        "                                        ",
        "                                        ",
        "                                        ",
        "                                        ",
        "                                        ",
    ],
    styles: [
        x: 0, y: 0, fg: Reset, bg: Reset, underline: Reset, modifier: NONE,
        x: 0, y: 18, fg: LightGreen, bg: Reset, underline: Reset, modifier: NONE,
        x: 1, y: 19, fg: Cyan, bg: Reset, underline: Reset, modifier: BOLD | REVERSED,
        x: 39, y: 19, fg: LightGreen, bg: Reset, underline: Reset, modifier: NONE,
        x: 0, y: 21, fg: Reset, bg: Reset, underline: Reset, modifier: NONE,
    ]
}
