---
source: crates/tracexec-tui/src/details_popup.rs
expression: rendered
---
Buffer {
    area: Rect { x: 0, y: 0, width: 80, height: 18 },
    content: [
        "─────────────────────────────────── Details ─────── Info │ Environment │ FdInfo ",
        " Timestamp  <-                                                                 ▲",
        "Wed Jan  1 00:00:00 2025                                                       █",
        " Cmdline                                                                       █",
        "env -a echo /bin/echo                                                          █",
        " Pid                                                                           █",
        "4242                                                                           █",
        " Exec Syscall                                                                  █",
        "execve                                                                         ║",
        " Exec From Non-main Thread                                                     ║",
        "no                                                                             ║",
        " Syscall Result                                                                ║",
        "0 (Success)                                                                    ║",
        " Real UID / Effective UID / Saved UID / FS UID                                 ║",
        "root(0) / root(0) / root(0) / root(0)                                          ║",
        " Real GID / Effective GID / Saved UID / FS UID                                 ║",
        "root(0) / root(0) / root(0) / root(0)                                          ▼",
        "────────────────────────────────────────────────────────────────────────────────",
    ],
    styles: [
        x: 0, y: 0, fg: Reset, bg: Reset, underline: Reset, modifier: NONE,
        x: 52, y: 0, fg: White, bg: Magenta, underline: Reset, modifier: NONE,
        x: 56, y: 0, fg: Reset, bg: Reset, underline: Reset, modifier: NONE,
        x: 0, y: 1, fg: White, bg: LightMagenta, underline: Reset, modifier: BOLD,
        x: 11, y: 1, fg: Reset, bg: Reset, underline: Reset, modifier: NONE,
        x: 12, y: 1, fg: LightGreen, bg: Reset, underline: Reset, modifier: BOLD,
        x: 15, y: 1, fg: Reset, bg: Reset, underline: Reset, modifier: NONE,
        x: 0, y: 3, fg: Black, bg: LightGreen, underline: Reset, modifier: BOLD,
        x: 9, y: 3, fg: Reset, bg: Reset, underline: Reset, modifier: NONE,
        x: 0, y: 4, fg: Magenta, bg: Reset, underline: Reset, modifier: NONE,
        x: 3, y: 4, fg: Reset, bg: Reset, underline: Reset, modifier: NONE,
        x: 4, y: 4, fg: White, bg: Reset, underline: Reset, modifier: ITALIC,
        x: 11, y: 4, fg: Reset, bg: Reset, underline: Reset, modifier: NONE,
        x: 12, y: 4, fg: LightBlue, bg: Reset, underline: Reset, modifier: NONE,
        x: 21, y: 4, fg: Reset, bg: Reset, underline: Reset, modifier: NONE,
        x: 0, y: 5, fg: Black, bg: LightGreen, underline: Reset, modifier: BOLD,
        x: 5, y: 5, fg: Reset, bg: Reset, underline: Reset, modifier: NONE,
        x: 0, y: 7, fg: Black, bg: LightGreen, underline: Reset, modifier: BOLD,
        x: 14, y: 7, fg: Reset, bg: Reset, underline: Reset, modifier: NONE,
        x: 0, y: 9, fg: Black, bg: LightGreen, underline: Reset, modifier: BOLD,
        x: 27, y: 9, fg: Reset, bg: Reset, underline: Reset, modifier: NONE,
        x: 0, y: 11, fg: Black, bg: LightGreen, underline: Reset, modifier: BOLD,
        x: 16, y: 11, fg: Reset, bg: Reset, underline: Reset, modifier: NONE,
        x: 0, y: 12, fg: Green, bg: Reset, underline: Reset, modifier: NONE,
        x: 11, y: 12, fg: Reset, bg: Reset, underline: Reset, modifier: NONE,
        x: 0, y: 13, fg: Black, bg: LightGreen, underline: Reset, modifier: BOLD,
        x: 47, y: 13, fg: Reset, bg: Reset, underline: Reset, modifier: NONE,
        x: 0, y: 14, fg: White, bg: Reset, underline: Reset, modifier: BOLD,
        x: 4, y: 14, fg: Reset, bg: Reset, underline: Reset, modifier: ITALIC,
        x: 7, y: 14, fg: Reset, bg: Reset, underline: Reset, modifier: NONE,
        x: 10, y: 14, fg: White, bg: Reset, underline: Reset, modifier: BOLD,
        x: 14, y: 14, fg: Reset, bg: Reset, underline: Reset, modifier: ITALIC,
        x: 17, y: 14, fg: Reset, bg: Reset, underline: Reset, modifier: NONE,
        x: 20, y: 14, fg: White, bg: Reset, underline: Reset, modifier: BOLD,
        x: 24, y: 14, fg: Reset, bg: Reset, underline: Reset, modifier: ITALIC,
        x: 27, y: 14, fg: Reset, bg: Reset, underline: Reset, modifier: NONE,
        x: 30, y: 14, fg: White, bg: Reset, underline: Reset, modifier: BOLD,
        x: 34, y: 14, fg: Reset, bg: Reset, underline: Reset, modifier: ITALIC,
        x: 37, y: 14, fg: Reset, bg: Reset, underline: Reset, modifier: NONE,
        x: 0, y: 15, fg: Black, bg: LightGreen, underline: Reset, modifier: BOLD,
        x: 47, y: 15, fg: Reset, bg: Reset, underline: Reset, modifier: NONE,
        x: 0, y: 16, fg: White, bg: Reset, underline: Reset, modifier: BOLD,
        x: 4, y: 16, fg: Reset, bg: Reset, underline: Reset, modifier: ITALIC,
        x: 7, y: 16, fg: Reset, bg: Reset, underline: Reset, modifier: NONE,
        x: 10, y: 16, fg: White, bg: Reset, underline: Reset, modifier: BOLD,
        x: 14, y: 16, fg: Reset, bg: Reset, underline: Reset, modifier: ITALIC,
        x: 17, y: 16, fg: Reset, bg: Reset, underline: Reset, modifier: NONE,
        x: 20, y: 16, fg: White, bg: Reset, underline: Reset, modifier: BOLD,
        x: 24, y: 16, fg: Reset, bg: Reset, underline: Reset, modifier: ITALIC,
        x: 27, y: 16, fg: Reset, bg: Reset, underline: Reset, modifier: NONE,
        x: 30, y: 16, fg: White, bg: Reset, underline: Reset, modifier: BOLD,
        x: 34, y: 16, fg: Reset, bg: Reset, underline: Reset, modifier: ITALIC,
        x: 37, y: 16, fg: Reset, bg: Reset, underline: Reset, modifier: NONE,
    ]
}
